// Jest Snapshot v1, https://goo.gl/fbAQLP

exports[`<App> component Matches the snapshot 1`] = `
<div>
  <div
    className="header-box"
  />
  <div
    className="main-block"
  />
</div>
`;
