// Jest Snapshot v1, https://goo.gl/fbAQLP

exports[`<Displayrow> component Matches the snapshot 1`] = `
<div
  className="main-block"
/>
`;
